#-----------------------------------------------------------
# Vivado v2020.1 (64-bit)
# SW Build 2902540 on Wed May 27 19:54:35 MDT 2020
# IP Build 2902112 on Wed May 27 22:43:36 MDT 2020
# Start of session at: Mon Nov 10 12:53:13 2025
# Process ID: 23538
# Current directory: /home/shivansh/cpre_4870/lab3/20250930_CPRE_Lab3/HW/cpre487-587-lab3-main/piped_mac/tb/tcl
# Command line: vivado
# Log file: /home/shivansh/cpre_4870/lab3/20250930_CPRE_Lab3/HW/cpre487-587-lab3-main/piped_mac/tb/tcl/vivado.log
# Journal file: /home/shivansh/cpre_4870/lab3/20250930_CPRE_Lab3/HW/cpre487-587-lab3-main/piped_mac/tb/tcl/vivado.jou
#-----------------------------------------------------------
start_gui
source /home/shivansh/cpre_4870/lab3/20250930_CPRE_Lab3/HW/cpre487-587-lab3-main/piped_mac/vivado/tc_piped_mac_ip.tcl
add_files -norecurse /home/shivansh/cpre_4870/lab3/20250930_CPRE_Lab3/HW/cpre487-587-lab3-main/piped_mac/hdl/piped_mac.vhd
update_compile_order -fileset sources_1
launch_simulation
source piped_mac.tcl
source /home/shivansh/cpre_4870/lab3/20250930_CPRE_Lab3/HW/cpre487-587-lab3-main/piped_mac/tb/tcl/piped_mac_tb.tcl
launch_runs synth_1 -jobs 20
wait_on_run synth_1
close_sim
reset_run synth_1
launch_runs synth_1 -jobs 20
wait_on_run synth_1
launch_simulation
source piped_mac.tcl
source piped_mac.tcl
source /home/shivansh/cpre_4870/lab3/20250930_CPRE_Lab3/HW/cpre487-587-lab3-main/piped_mac/tb/tcl/piped_mac_tb.tcl
source /home/shivansh/cpre_4870/lab3/20250930_CPRE_Lab3/HW/cpre487-587-lab3-main/piped_mac/tb/tcl/piped_mac_tb.tcl
close_sim
